V3 6
FL "/home/student1/dsadig/Desktop/project 2/PINGPONG/vga.vhd" 2022/11/25.07:35:54 O.87xd
FL "/home/student1/dsadig/Desktop/project 2_Toni/PINGPONG/vga.vhd" 2022/11/25.08:55:29 O.87xd
EN work/vga_driver 1669384628 \
      FL "/home/student1/dsadig/Desktop/project 2_Toni/PINGPONG/vga.vhd" \
      PB ieee/std_logic_1164 1325952872
AR work/vga_driver/Behavioral 1669384629 \
      FL "/home/student1/dsadig/Desktop/project 2_Toni/PINGPONG/vga.vhd" \
      EN work/vga_driver 1669384628
FL "/home/student1/ththomas/COE758/758 Project/PINGPONG/vga.vhd" 2022/11/21.13:52:33 O.87xd
FL /home/student1/wimalik/Documents/COE758/PINGPONG/vga.vhd 2022/11/22.12:11:03 O.87xd
